#
# There is insufficient memory for the Java Runtime Environment to continue.
# Native memory allocation (malloc) failed to allocate 7419792 bytes. Error detail: Chunk::new
# Possible reasons:
#   The system is out of physical RAM or swap space
#   This process is running with CompressedOops enabled, and the Java Heap may be blocking the growth of the native heap
# Possible solutions:
#   Reduce memory load on the system
#   Increase physical memory or swap space
#   Check if swap backing store is full
#   Decrease Java heap size (-Xmx/-Xms)
#   Decrease number of Java threads
#   Decrease Java thread stack sizes (-Xss)
#   Set larger code cache with -XX:ReservedCodeCacheSize=
#   JVM is running with Unscaled Compressed Oops mode in which the Java heap is
#     placed in the first 4GB address space. The Java Heap base address is the
#     maximum limit for the native heap growth. Please use -XX:HeapBaseMinAddress
#     to set the Java Heap base and to place the Java Heap above 4GB virtual address.
# This output file may be truncated or incomplete.
#
#  Out of Memory Error (arena.cpp:162), pid=27072, tid=3476
#
# JRE version: OpenJDK Runtime Environment (24.0.1+9) (build 24.0.1+9-30)
# Java VM: OpenJDK 64-Bit Server VM (24.0.1+9-30, mixed mode, sharing, tiered, compressed oops, compressed class ptrs, g1 gc, windows-amd64)
# No core dump will be written. Minidumps are not enabled by default on client versions of Windows
#

---------------  S U M M A R Y ------------

Command Line: --enable-native-access=ALL-UNNAMED -Dclassworlds.conf=C:\Users\janan\apache-maven-3.9.10\bin\m2.conf -Dmaven.home=C:\Users\janan\apache-maven-3.9.10 -Dlibrary.jansi.path=C:\Users\janan\apache-maven-3.9.10\lib\jansi-native -Dmaven.multiModuleProjectDirectory=C:\Users\janan\IdeaProjects\doc-query-assist org.codehaus.plexus.classworlds.launcher.Launcher clean spring-boot:run

Host: Intel(R) Core(TM) i5-8250U CPU @ 1.60GHz, 8 cores, 7G,  Windows 11 , 64 bit Build 26100 (10.0.26100.8115)
Time: Mon Aug  3 01:26:09 2026 India Standard Time elapsed time: 18.269312 seconds (0d 0h 0m 18s)

---------------  T H R E A D  ---------------

Current thread (0x000001f5d6921370):  JavaThread "C2 CompilerThread0" daemon [_thread_in_native, id=3476, stack(0x000000b11ea00000,0x000000b11eb00000) (1024K)]


Current CompileTask:
C2:18269 8526       4       com.sun.tools.javac.code.Symtab::enterClass (71 bytes)

Stack: [0x000000b11ea00000,0x000000b11eb00000]
Native frames: (J=compiled Java code, j=interpreted, Vv=VM code, C=native code)
V  [jvm.dll+0x730739]  (no source info available)
V  [jvm.dll+0x8d9b23]  (no source info available)
V  [jvm.dll+0x8dc00d]  (no source info available)
V  [jvm.dll+0x8dc683]  (no source info available)
V  [jvm.dll+0x2aa086]  (no source info available)
V  [jvm.dll+0xcedef]  (no source info available)
V  [jvm.dll+0xcf04f]  (no source info available)
V  [jvm.dll+0x154d83]  (no source info available)
V  [jvm.dll+0x735f5f]  (no source info available)
V  [jvm.dll+0x26fa1c]  (no source info available)
V  [jvm.dll+0x26ea3f]  (no source info available)
V  [jvm.dll+0x1e9d60]  (no source info available)
V  [jvm.dll+0x27e1fb]  (no source info available)
V  [jvm.dll+0x27c49a]  (no source info available)
V  [jvm.dll+0x42f456]  (no source info available)
V  [jvm.dll+0x87d76b]  (no source info available)
V  [jvm.dll+0x72ee55]  (no source info available)
C  [ucrtbase.dll+0x37b0]  (no source info available)
C  [KERNEL32.DLL+0x2e8d7]  (no source info available)
C  [ntdll.dll+0x8c3fc]  (no source info available)

Lock stack of current Java thread (top to bottom):


---------------  P R O C E S S  ---------------

Threads class SMR info:
_java_thread_list=0x000001f6206e59f0, length=14, elements={
0x000001f5b9b39870, 0x000001f5d690de90, 0x000001f5d690e5d0, 0x000001f5d6912380,
0x000001f5d6914e60, 0x000001f5d6916030, 0x000001f5d69168a0, 0x000001f5d6921370,
0x000001f5d6921c30, 0x000001f5d6a780a0, 0x000001f5d6a889c0, 0x000001f61d009930,
0x000001f61ec97760, 0x000001f620478ee0
}

Java Threads: ( => current thread )
  0x000001f5b9b39870 JavaThread "main"                              [_thread_in_vm, id=8588, stack(0x000000b11dc00000,0x000000b11dd00000) (1024K)]
  0x000001f5d690de90 JavaThread "Reference Handler"          daemon [_thread_blocked, id=16304, stack(0x000000b11e400000,0x000000b11e500000) (1024K)]
  0x000001f5d690e5d0 JavaThread "Finalizer"                  daemon [_thread_blocked, id=22264, stack(0x000000b11e500000,0x000000b11e600000) (1024K)]
  0x000001f5d6912380 JavaThread "Signal Dispatcher"          daemon [_thread_blocked, id=23064, stack(0x000000b11e600000,0x000000b11e700000) (1024K)]
  0x000001f5d6914e60 JavaThread "Attach Listener"            daemon [_thread_blocked, id=22620, stack(0x000000b11e700000,0x000000b11e800000) (1024K)]
  0x000001f5d6916030 JavaThread "Service Thread"             daemon [_thread_blocked, id=22492, stack(0x000000b11e800000,0x000000b11e900000) (1024K)]
  0x000001f5d69168a0 JavaThread "Monitor Deflation Thread"   daemon [_thread_blocked, id=26996, stack(0x000000b11e900000,0x000000b11ea00000) (1024K)]
=>0x000001f5d6921370 JavaThread "C2 CompilerThread0"         daemon [_thread_in_native, id=3476, stack(0x000000b11ea00000,0x000000b11eb00000) (1024K)]
  0x000001f5d6921c30 JavaThread "C1 CompilerThread0"         daemon [_thread_blocked, id=7568, stack(0x000000b11eb00000,0x000000b11ec00000) (1024K)]
  0x000001f5d6a780a0 JavaThread "Notification Thread"        daemon [_thread_blocked, id=26336, stack(0x000000b11ec00000,0x000000b11ed00000) (1024K)]
  0x000001f5d6a889c0 JavaThread "Common-Cleaner"             daemon [_thread_blocked, id=26608, stack(0x000000b11ed00000,0x000000b11ee00000) (1024K)]
  0x000001f61d009930 JavaThread "Thread-1"                   daemon [_thread_blocked, id=22356, stack(0x000000b11ef00000,0x000000b11f000000) (1024K)]
  0x000001f61ec97760 JavaThread "C2 CompilerThread1"         daemon [_thread_blocked, id=3036, stack(0x000000b11ee00000,0x000000b11ef00000) (1024K)]
  0x000001f620478ee0 JavaThread "C2 CompilerThread2"         daemon [_thread_in_native, id=25016, stack(0x000000b11f800000,0x000000b11f900000) (1024K)]
Total: 14

Other Threads:
  0x000001f5d68fa240 VMThread "VM Thread"                           [id=8636, stack(0x000000b11e300000,0x000000b11e400000) (1024K)]
  0x000001f5d68ea430 WatcherThread "VM Periodic Task Thread"        [id=26756, stack(0x000000b11e200000,0x000000b11e300000) (1024K)]
  0x000001f5b9b91f70 WorkerThread "GC Thread#0"                     [id=11124, stack(0x000000b11dd00000,0x000000b11de00000) (1024K)]
  0x000001f61cc08a80 WorkerThread "GC Thread#1"                     [id=26616, stack(0x000000b11f000000,0x000000b11f100000) (1024K)]
  0x000001f61cfdb5e0 WorkerThread "GC Thread#2"                     [id=9524, stack(0x000000b11f100000,0x000000b11f200000) (1024K)]
  0x000001f61c7d0010 WorkerThread "GC Thread#3"                     [id=9104, stack(0x000000b11f200000,0x000000b11f300000) (1024K)]
  0x000001f61c7d30b0 WorkerThread "GC Thread#4"                     [id=24116, stack(0x000000b11f300000,0x000000b11f400000) (1024K)]
  0x000001f61c7d7470 WorkerThread "GC Thread#5"                     [id=21256, stack(0x000000b11f400000,0x000000b11f500000) (1024K)]
  0x000001f61cb6c6f0 WorkerThread "GC Thread#6"                     [id=27116, stack(0x000000b11f500000,0x000000b11f600000) (1024K)]
  0x000001f61cb6caa0 WorkerThread "GC Thread#7"                     [id=21916, stack(0x000000b11f600000,0x000000b11f700000) (1024K)]
  0x000001f5b9ba8420 ConcurrentGCThread "G1 Main Marker"            [id=24144, stack(0x000000b11de00000,0x000000b11df00000) (1024K)]
  0x000001f5b9ba9d80 WorkerThread "G1 Conc#0"                       [id=3624, stack(0x000000b11df00000,0x000000b11e000000) (1024K)]
  0x000001f61dcefac0 WorkerThread "G1 Conc#1"                       [id=27252, stack(0x000000b11f700000,0x000000b11f800000) (1024K)]
  0x000001f5d67b1720 ConcurrentGCThread "G1 Refine#0"               [id=25780, stack(0x000000b11e000000,0x000000b11e100000) (1024K)]
  0x000001f5d67b2f60 ConcurrentGCThread "G1 Service"                [id=22052, stack(0x000000b11e100000,0x000000b11e200000) (1024K)]
Total: 15

Threads with active compile tasks:
C2 CompilerThread0  18706 8526       4       com.sun.tools.javac.code.Symtab::enterClass (71 bytes)
C2 CompilerThread2  18707 8658       4       com.sun.tools.javac.comp.Attr::selectSym (457 bytes)
Total: 2

VM state: not at safepoint (normal execution)

VM Mutex/Monitor currently owned by a thread: None

Heap address: 0x0000000081c00000, size: 2020 MB, Compressed Oops mode: 32-bit

CDS archive(s) mapped at: [0x000001f5d7000000-0x000001f5d7d40000-0x000001f5d7d40000), size 13893632, SharedBaseAddress: 0x000001f5d7000000, ArchiveRelocationMode: 1.
Compressed class space mapped at: 0x000001f5d8000000-0x000001f618000000, reserved size: 1073741824
UseCompressedClassPointers 1, UseCompactObjectHeaders 0
Narrow klass pointer bits 32, Max shift 3
Narrow klass base: 0x000001f5d7000000, Narrow klass shift: 0
Encoding Range: [0x000001f5d7000000 - 0x000001f6d7000000), (4294967296 bytes)
Klass Range:    [0x000001f5d7000000 - 0x000001f618000000), (1090519040 bytes)
Klass ID Range:  [8 - 1090519033) (1090519025)

GC Precious Log:
 CardTable entry size: 512
 Card Set container configuration: InlinePtr #cards 5 size 8 Array Of Cards #cards 10 size 36 Howl #buckets 4 coarsen threshold 1843 Howl Bitmap #cards 512 size 80 coarsen threshold 460 Card regions per heap region 1 cards per card region 2048
 CPUs: 8 total, 8 available
 Memory: 8078M
 Large Page Support: Disabled
 NUMA Support: Disabled
 Compressed Oops: Enabled (32-bit)
 Heap Region Size: 1M
 Heap Min Capacity: 8M
 Heap Initial Capacity: 128M
 Heap Max Capacity: 2020M
 Pre-touch: Disabled
 Parallel Workers: 8
 Concurrent Workers: 2
 Concurrent Refinement Workers: 8
 Periodic GC: Disabled

Heap:
 garbage-first heap   total reserved 2068480K, committed 155648K, used 83983K [0x0000000081c00000, 0x0000000100000000)
  region size 1024K, 25 young (25600K), 2 survivors (2048K)
 Metaspace       used 31538K, committed 32064K, reserved 1114112K
  class space    used 3088K, committed 3328K, reserved 1048576K

Heap Regions: E=young(eden), S=young(survivor), O=old, HS=humongous(starts), HC=humongous(continues), CS=collection set, F=free, TAMS=top-at-mark-start, PB=parsable bottom
|   0|0x0000000081c00000, 0x0000000081d00000, 0x0000000081d00000|100%| O|  |TAMS 0x0000000081c00000| PB 0x0000000081c00000| Untracked |  0
|   1|0x0000000081d00000, 0x0000000081e00000, 0x0000000081e00000|100%| O|  |TAMS 0x0000000081d00000| PB 0x0000000081d00000| Untracked |  0
|   2|0x0000000081e00000, 0x0000000081f00000, 0x0000000081f00000|100%| O|  |TAMS 0x0000000081e00000| PB 0x0000000081e00000| Untracked |  0
|   3|0x0000000081f00000, 0x0000000082000000, 0x0000000082000000|100%| O|  |TAMS 0x0000000081f00000| PB 0x0000000081f00000| Untracked |  0
|   4|0x0000000082000000, 0x0000000082100000, 0x0000000082100000|100%| O|  |TAMS 0x0000000082000000| PB 0x0000000082000000| Untracked |  0
|   5|0x0000000082100000, 0x0000000082200000, 0x0000000082200000|100%| O|  |TAMS 0x0000000082100000| PB 0x0000000082100000| Untracked |  0
|   6|0x0000000082200000, 0x0000000082300000, 0x0000000082300000|100%| O|  |TAMS 0x0000000082200000| PB 0x0000000082200000| Untracked |  0
|   7|0x0000000082300000, 0x0000000082400000, 0x0000000082400000|100%| O|  |TAMS 0x0000000082300000| PB 0x0000000082300000| Untracked |  0
|   8|0x0000000082400000, 0x0000000082500000, 0x0000000082500000|100%| O|  |TAMS 0x0000000082400000| PB 0x0000000082400000| Untracked |  0
|   9|0x0000000082500000, 0x0000000082600000, 0x0000000082600000|100%| O|  |TAMS 0x0000000082500000| PB 0x0000000082500000| Untracked |  0
|  10|0x0000000082600000, 0x0000000082700000, 0x0000000082700000|100%| O|  |TAMS 0x0000000082600000| PB 0x0000000082600000| Untracked |  0
|  11|0x0000000082700000, 0x0000000082800000, 0x0000000082800000|100%| O|  |TAMS 0x0000000082700000| PB 0x0000000082700000| Untracked |  0
|  12|0x0000000082800000, 0x0000000082900000, 0x0000000082900000|100%|HS|  |TAMS 0x0000000082800000| PB 0x0000000082800000| Complete |  0
|  13|0x0000000082900000, 0x0000000082a00000, 0x0000000082a00000|100%|HS|  |TAMS 0x0000000082900000| PB 0x0000000082900000| Complete |  0
|  14|0x0000000082a00000, 0x0000000082b00000, 0x0000000082b00000|100%| O|  |TAMS 0x0000000082a00000| PB 0x0000000082a00000| Untracked |  0
|  15|0x0000000082b00000, 0x0000000082c00000, 0x0000000082c00000|100%| O|  |TAMS 0x0000000082b00000| PB 0x0000000082b00000| Untracked |  0
|  16|0x0000000082c00000, 0x0000000082d00000, 0x0000000082d00000|100%| O|  |TAMS 0x0000000082c00000| PB 0x0000000082c00000| Untracked |  0
|  17|0x0000000082d00000, 0x0000000082e00000, 0x0000000082e00000|100%|HS|  |TAMS 0x0000000082d00000| PB 0x0000000082d00000| Complete |  0
|  18|0x0000000082e00000, 0x0000000082f00000, 0x0000000082f00000|100%|HC|  |TAMS 0x0000000082e00000| PB 0x0000000082e00000| Complete |  0
|  19|0x0000000082f00000, 0x0000000083000000, 0x0000000083000000|100%| O|  |TAMS 0x0000000082f00000| PB 0x0000000082f00000| Untracked |  0
|  20|0x0000000083000000, 0x0000000083100000, 0x0000000083100000|100%| O|  |TAMS 0x0000000083000000| PB 0x0000000083000000| Untracked |  0
|  21|0x0000000083100000, 0x000000008318d2a0, 0x0000000083200000| 55%| O|  |TAMS 0x0000000083100000| PB 0x0000000083100000| Untracked |  0
|  22|0x0000000083200000, 0x0000000083300000, 0x0000000083300000|100%|HS|  |TAMS 0x0000000083200000| PB 0x0000000083200000| Complete |  0
|  23|0x0000000083300000, 0x0000000083400000, 0x0000000083400000|100%|HS|  |TAMS 0x0000000083300000| PB 0x0000000083300000| Complete |  0
|  24|0x0000000083400000, 0x0000000083500000, 0x0000000083500000|100%| O|  |TAMS 0x0000000083400000| PB 0x0000000083400000| Untracked |  0
|  25|0x0000000083500000, 0x0000000083600000, 0x0000000083600000|100%| O|  |TAMS 0x0000000083500000| PB 0x0000000083500000| Untracked |  0
|  26|0x0000000083600000, 0x0000000083700000, 0x0000000083700000|100%| O|  |TAMS 0x0000000083600000| PB 0x0000000083600000| Untracked |  0
|  27|0x0000000083700000, 0x0000000083800000, 0x0000000083800000|100%| O|  |TAMS 0x0000000083700000| PB 0x0000000083700000| Untracked |  0
|  28|0x0000000083800000, 0x0000000083900000, 0x0000000083900000|100%| O|  |TAMS 0x0000000083800000| PB 0x0000000083800000| Untracked |  0
|  29|0x0000000083900000, 0x0000000083a00000, 0x0000000083a00000|100%| O|  |TAMS 0x0000000083900000| PB 0x0000000083900000| Untracked |  0
|  30|0x0000000083a00000, 0x0000000083b00000, 0x0000000083b00000|100%| O|  |TAMS 0x0000000083a00000| PB 0x0000000083a00000| Untracked |  0
|  31|0x0000000083b00000, 0x0000000083c00000, 0x0000000083c00000|100%| O|  |TAMS 0x0000000083b00000| PB 0x0000000083b00000| Untracked |  0
|  32|0x0000000083c00000, 0x0000000083d00000, 0x0000000083d00000|100%| O|  |TAMS 0x0000000083c00000| PB 0x0000000083c00000| Untracked |  0
|  33|0x0000000083d00000, 0x0000000083e00000, 0x0000000083e00000|100%| O|  |TAMS 0x0000000083d00000| PB 0x0000000083d00000| Untracked |  0
|  34|0x0000000083e00000, 0x0000000083f00000, 0x0000000083f00000|100%| O|  |TAMS 0x0000000083e00000| PB 0x0000000083e00000| Untracked |  0
|  35|0x0000000083f00000, 0x0000000084000000, 0x0000000084000000|100%| O|  |TAMS 0x0000000083f00000| PB 0x0000000083f00000| Untracked |  0
|  36|0x0000000084000000, 0x0000000084100000, 0x0000000084100000|100%| O|  |TAMS 0x0000000084000000| PB 0x0000000084000000| Untracked |  0
|  37|0x0000000084100000, 0x0000000084200000, 0x0000000084200000|100%| O|  |TAMS 0x0000000084100000| PB 0x0000000084100000| Untracked |  0
|  38|0x0000000084200000, 0x0000000084300000, 0x0000000084300000|100%| O|  |TAMS 0x0000000084200000| PB 0x0000000084200000| Untracked |  0
|  39|0x0000000084300000, 0x0000000084300000, 0x0000000084400000|  0%| F|  |TAMS 0x0000000084300000| PB 0x0000000084300000| Untracked |  0
|  40|0x0000000084400000, 0x0000000084400000, 0x0000000084500000|  0%| F|  |TAMS 0x0000000084400000| PB 0x0000000084400000| Untracked |  0
|  41|0x0000000084500000, 0x0000000084500000, 0x0000000084600000|  0%| F|  |TAMS 0x0000000084500000| PB 0x0000000084500000| Untracked |  0
|  42|0x0000000084600000, 0x0000000084600000, 0x0000000084700000|  0%| F|  |TAMS 0x0000000084600000| PB 0x0000000084600000| Untracked |  0
|  43|0x0000000084700000, 0x0000000084700000, 0x0000000084800000|  0%| F|  |TAMS 0x0000000084700000| PB 0x0000000084700000| Untracked |  0
|  44|0x0000000084800000, 0x0000000084800000, 0x0000000084900000|  0%| F|  |TAMS 0x0000000084800000| PB 0x0000000084800000| Untracked |  0
|  45|0x0000000084900000, 0x0000000084900000, 0x0000000084a00000|  0%| F|  |TAMS 0x0000000084900000| PB 0x0000000084900000| Untracked |  0
|  46|0x0000000084a00000, 0x0000000084a00000, 0x0000000084b00000|  0%| F|  |TAMS 0x0000000084a00000| PB 0x0000000084a00000| Untracked |  0
|  47|0x0000000084b00000, 0x0000000084b00000, 0x0000000084c00000|  0%| F|  |TAMS 0x0000000084b00000| PB 0x0000000084b00000| Untracked |  0
|  48|0x0000000084c00000, 0x0000000084c00000, 0x0000000084d00000|  0%| F|  |TAMS 0x0000000084c00000| PB 0x0000000084c00000| Untracked |  0
|  49|0x0000000084d00000, 0x0000000084d00000, 0x0000000084e00000|  0%| F|  |TAMS 0x0000000084d00000| PB 0x0000000084d00000| Untracked |  0
|  50|0x0000000084e00000, 0x0000000084e00000, 0x0000000084f00000|  0%| F|  |TAMS 0x0000000084e00000| PB 0x0000000084e00000| Untracked |  0
|  51|0x0000000084f00000, 0x0000000084f00000, 0x0000000085000000|  0%| F|  |TAMS 0x0000000084f00000| PB 0x0000000084f00000| Untracked |  0
|  52|0x0000000085000000, 0x0000000085000000, 0x0000000085100000|  0%| F|  |TAMS 0x0000000085000000| PB 0x0000000085000000| Untracked |  0
|  53|0x0000000085100000, 0x0000000085100000, 0x0000000085200000|  0%| F|  |TAMS 0x0000000085100000| PB 0x0000000085100000| Untracked |  0
|  54|0x0000000085200000, 0x0000000085200000, 0x0000000085300000|  0%| F|  |TAMS 0x0000000085200000| PB 0x0000000085200000| Untracked |  0
|  55|0x0000000085300000, 0x0000000085300000, 0x0000000085400000|  0%| F|  |TAMS 0x0000000085300000| PB 0x0000000085300000| Untracked |  0
|  56|0x0000000085400000, 0x0000000085400000, 0x0000000085500000|  0%| F|  |TAMS 0x0000000085400000| PB 0x0000000085400000| Untracked |  0
|  57|0x0000000085500000, 0x0000000085500000, 0x0000000085600000|  0%| F|  |TAMS 0x0000000085500000| PB 0x0000000085500000| Untracked |  0
|  58|0x0000000085600000, 0x0000000085600000, 0x0000000085700000|  0%| F|  |TAMS 0x0000000085600000| PB 0x0000000085600000| Untracked |  0
|  59|0x0000000085700000, 0x0000000085700000, 0x0000000085800000|  0%| F|  |TAMS 0x0000000085700000| PB 0x0000000085700000| Untracked |  0
|  60|0x0000000085800000, 0x0000000085800000, 0x0000000085900000|  0%| F|  |TAMS 0x0000000085800000| PB 0x0000000085800000| Untracked |  0
|  61|0x0000000085900000, 0x0000000085976b30, 0x0000000085a00000| 46%| S|CS|TAMS 0x0000000085900000| PB 0x0000000085900000| Complete |  0
|  62|0x0000000085a00000, 0x0000000085b00000, 0x0000000085b00000|100%| S|CS|TAMS 0x0000000085a00000| PB 0x0000000085a00000| Complete |  0
|  63|0x0000000085b00000, 0x0000000085b00000, 0x0000000085c00000|  0%| F|  |TAMS 0x0000000085b00000| PB 0x0000000085b00000| Untracked |  0
|  64|0x0000000085c00000, 0x0000000085c00000, 0x0000000085d00000|  0%| F|  |TAMS 0x0000000085c00000| PB 0x0000000085c00000| Untracked |  0
|  65|0x0000000085d00000, 0x0000000085d00000, 0x0000000085e00000|  0%| F|  |TAMS 0x0000000085d00000| PB 0x0000000085d00000| Untracked |  0
|  66|0x0000000085e00000, 0x0000000085e00000, 0x0000000085f00000|  0%| F|  |TAMS 0x0000000085e00000| PB 0x0000000085e00000| Untracked |  0
|  67|0x0000000085f00000, 0x0000000085f00000, 0x0000000086000000|  0%| F|  |TAMS 0x0000000085f00000| PB 0x0000000085f00000| Untracked |  0
|  68|0x0000000086000000, 0x0000000086000000, 0x0000000086100000|  0%| F|  |TAMS 0x0000000086000000| PB 0x0000000086000000| Untracked |  0
|  69|0x0000000086100000, 0x0000000086100000, 0x0000000086200000|  0%| F|  |TAMS 0x0000000086100000| PB 0x0000000086100000| Untracked |  0
|  70|0x0000000086200000, 0x0000000086200000, 0x0000000086300000|  0%| F|  |TAMS 0x0000000086200000| PB 0x0000000086200000| Untracked |  0
|  71|0x0000000086300000, 0x0000000086300000, 0x0000000086400000|  0%| F|  |TAMS 0x0000000086300000| PB 0x0000000086300000| Untracked |  0
|  72|0x0000000086400000, 0x0000000086400000, 0x0000000086500000|  0%| F|  |TAMS 0x0000000086400000| PB 0x0000000086400000| Untracked |  0
|  73|0x0000000086500000, 0x0000000086500000, 0x0000000086600000|  0%| F|  |TAMS 0x0000000086500000| PB 0x0000000086500000| Untracked |  0
|  74|0x0000000086600000, 0x0000000086600000, 0x0000000086700000|  0%| F|  |TAMS 0x0000000086600000| PB 0x0000000086600000| Untracked |  0
|  75|0x0000000086700000, 0x0000000086700000, 0x0000000086800000|  0%| F|  |TAMS 0x0000000086700000| PB 0x0000000086700000| Untracked |  0
|  76|0x0000000086800000, 0x0000000086800000, 0x0000000086900000|  0%| F|  |TAMS 0x0000000086800000| PB 0x0000000086800000| Untracked |  0
|  77|0x0000000086900000, 0x0000000086900000, 0x0000000086a00000|  0%| F|  |TAMS 0x0000000086900000| PB 0x0000000086900000| Untracked |  0
|  78|0x0000000086a00000, 0x0000000086a00000, 0x0000000086b00000|  0%| F|  |TAMS 0x0000000086a00000| PB 0x0000000086a00000| Untracked |  0
|  79|0x0000000086b00000, 0x0000000086b00000, 0x0000000086c00000|  0%| F|  |TAMS 0x0000000086b00000| PB 0x0000000086b00000| Untracked |  0
|  80|0x0000000086c00000, 0x0000000086c00000, 0x0000000086d00000|  0%| F|  |TAMS 0x0000000086c00000| PB 0x0000000086c00000| Untracked |  0
|  81|0x0000000086d00000, 0x0000000086d00000, 0x0000000086e00000|  0%| F|  |TAMS 0x0000000086d00000| PB 0x0000000086d00000| Untracked |  0
|  82|0x0000000086e00000, 0x0000000086e00000, 0x0000000086f00000|  0%| F|  |TAMS 0x0000000086e00000| PB 0x0000000086e00000| Untracked |  0
|  83|0x0000000086f00000, 0x0000000086f00000, 0x0000000087000000|  0%| F|  |TAMS 0x0000000086f00000| PB 0x0000000086f00000| Untracked |  0
|  84|0x0000000087000000, 0x0000000087000000, 0x0000000087100000|  0%| F|  |TAMS 0x0000000087000000| PB 0x0000000087000000| Untracked |  0
|  85|0x0000000087100000, 0x0000000087100000, 0x0000000087200000|  0%| F|  |TAMS 0x0000000087100000| PB 0x0000000087100000| Untracked |  0
|  86|0x0000000087200000, 0x0000000087200000, 0x0000000087300000|  0%| F|  |TAMS 0x0000000087200000| PB 0x0000000087200000| Untracked |  0
|  87|0x0000000087300000, 0x0000000087300000, 0x0000000087400000|  0%| F|  |TAMS 0x0000000087300000| PB 0x0000000087300000| Untracked |  0
|  88|0x0000000087400000, 0x0000000087400000, 0x0000000087500000|  0%| F|  |TAMS 0x0000000087400000| PB 0x0000000087400000| Untracked |  0
|  89|0x0000000087500000, 0x0000000087500000, 0x0000000087600000|  0%| F|  |TAMS 0x0000000087500000| PB 0x0000000087500000| Untracked |  0
|  90|0x0000000087600000, 0x0000000087600000, 0x0000000087700000|  0%| F|  |TAMS 0x0000000087600000| PB 0x0000000087600000| Untracked |  0
|  91|0x0000000087700000, 0x0000000087700000, 0x0000000087800000|  0%| F|  |TAMS 0x0000000087700000| PB 0x0000000087700000| Untracked |  0
|  92|0x0000000087800000, 0x0000000087800000, 0x0000000087900000|  0%| F|  |TAMS 0x0000000087800000| PB 0x0000000087800000| Untracked |  0
|  93|0x0000000087900000, 0x0000000087900000, 0x0000000087a00000|  0%| F|  |TAMS 0x0000000087900000| PB 0x0000000087900000| Untracked |  0
|  94|0x0000000087a00000, 0x0000000087a00000, 0x0000000087b00000|  0%| F|  |TAMS 0x0000000087a00000| PB 0x0000000087a00000| Untracked |  0
|  95|0x0000000087b00000, 0x0000000087b00000, 0x0000000087c00000|  0%| F|  |TAMS 0x0000000087b00000| PB 0x0000000087b00000| Untracked |  0
|  96|0x0000000087c00000, 0x0000000087c00000, 0x0000000087d00000|  0%| F|  |TAMS 0x0000000087c00000| PB 0x0000000087c00000| Untracked |  0
|  97|0x0000000087d00000, 0x0000000087d00000, 0x0000000087e00000|  0%| F|  |TAMS 0x0000000087d00000| PB 0x0000000087d00000| Untracked |  0
|  98|0x0000000087e00000, 0x0000000087e00000, 0x0000000087f00000|  0%| F|  |TAMS 0x0000000087e00000| PB 0x0000000087e00000| Untracked |  0
|  99|0x0000000087f00000, 0x0000000087f00000, 0x0000000088000000|  0%| F|  |TAMS 0x0000000087f00000| PB 0x0000000087f00000| Untracked |  0
| 100|0x0000000088000000, 0x0000000088000000, 0x0000000088100000|  0%| F|  |TAMS 0x0000000088000000| PB 0x0000000088000000| Untracked |  0
| 101|0x0000000088100000, 0x0000000088100000, 0x0000000088200000|  0%| F|  |TAMS 0x0000000088100000| PB 0x0000000088100000| Untracked |  0
| 102|0x0000000088200000, 0x0000000088200000, 0x0000000088300000|  0%| F|  |TAMS 0x0000000088200000| PB 0x0000000088200000| Untracked |  0
| 103|0x0000000088300000, 0x0000000088300000, 0x0000000088400000|  0%| F|  |TAMS 0x0000000088300000| PB 0x0000000088300000| Untracked |  0
| 104|0x0000000088400000, 0x0000000088400000, 0x0000000088500000|  0%| F|  |TAMS 0x0000000088400000| PB 0x0000000088400000| Untracked |  0
| 105|0x0000000088500000, 0x0000000088500000, 0x0000000088600000|  0%| F|  |TAMS 0x0000000088500000| PB 0x0000000088500000| Untracked |  0
| 106|0x0000000088600000, 0x0000000088600000, 0x0000000088700000|  0%| F|  |TAMS 0x0000000088600000| PB 0x0000000088600000| Untracked |  0
| 107|0x0000000088700000, 0x0000000088700000, 0x0000000088800000|  0%| F|  |TAMS 0x0000000088700000| PB 0x0000000088700000| Untracked |  0
| 108|0x0000000088800000, 0x0000000088800000, 0x0000000088900000|  0%| F|  |TAMS 0x0000000088800000| PB 0x0000000088800000| Untracked |  0
| 109|0x0000000088900000, 0x0000000088a00000, 0x0000000088a00000|100%| E|  |TAMS 0x0000000088900000| PB 0x0000000088900000| Complete |  1
| 110|0x0000000088a00000, 0x0000000088b00000, 0x0000000088b00000|100%| E|CS|TAMS 0x0000000088a00000| PB 0x0000000088a00000| Complete |  0
| 111|0x0000000088b00000, 0x0000000088c00000, 0x0000000088c00000|100%| E|CS|TAMS 0x0000000088b00000| PB 0x0000000088b00000| Complete |  0
| 112|0x0000000088c00000, 0x0000000088d00000, 0x0000000088d00000|100%| E|CS|TAMS 0x0000000088c00000| PB 0x0000000088c00000| Complete |  0
| 113|0x0000000088d00000, 0x0000000088e00000, 0x0000000088e00000|100%| E|CS|TAMS 0x0000000088d00000| PB 0x0000000088d00000| Complete |  0
| 114|0x0000000088e00000, 0x0000000088f00000, 0x0000000088f00000|100%| E|CS|TAMS 0x0000000088e00000| PB 0x0000000088e00000| Complete |  0
| 115|0x0000000088f00000, 0x0000000089000000, 0x0000000089000000|100%| E|CS|TAMS 0x0000000088f00000| PB 0x0000000088f00000| Complete |  0
| 116|0x0000000089000000, 0x0000000089100000, 0x0000000089100000|100%| E|CS|TAMS 0x0000000089000000| PB 0x0000000089000000| Complete |  0
| 117|0x0000000089100000, 0x0000000089200000, 0x0000000089200000|100%| E|CS|TAMS 0x0000000089100000| PB 0x0000000089100000| Complete |  0
| 118|0x0000000089200000, 0x0000000089300000, 0x0000000089300000|100%| E|CS|TAMS 0x0000000089200000| PB 0x0000000089200000| Complete |  0
| 119|0x0000000089300000, 0x0000000089400000, 0x0000000089400000|100%| E|CS|TAMS 0x0000000089300000| PB 0x0000000089300000| Complete |  0
| 120|0x0000000089400000, 0x0000000089500000, 0x0000000089500000|100%| E|CS|TAMS 0x0000000089400000| PB 0x0000000089400000| Complete |  0
| 121|0x0000000089500000, 0x0000000089600000, 0x0000000089600000|100%| E|CS|TAMS 0x0000000089500000| PB 0x0000000089500000| Complete |  0
| 122|0x0000000089600000, 0x0000000089700000, 0x0000000089700000|100%| E|CS|TAMS 0x0000000089600000| PB 0x0000000089600000| Complete |  0
| 123|0x0000000089700000, 0x0000000089800000, 0x0000000089800000|100%| E|CS|TAMS 0x0000000089700000| PB 0x0000000089700000| Complete |  0
| 124|0x0000000089800000, 0x0000000089900000, 0x0000000089900000|100%| E|CS|TAMS 0x0000000089800000| PB 0x0000000089800000| Complete |  0
| 125|0x0000000089900000, 0x0000000089a00000, 0x0000000089a00000|100%| E|CS|TAMS 0x0000000089900000| PB 0x0000000089900000| Complete |  0
| 126|0x0000000089a00000, 0x0000000089b00000, 0x0000000089b00000|100%| E|CS|TAMS 0x0000000089a00000| PB 0x0000000089a00000| Complete |  0
| 127|0x0000000089b00000, 0x0000000089c00000, 0x0000000089c00000|100%| E|CS|TAMS 0x0000000089b00000| PB 0x0000000089b00000| Complete |  0
| 128|0x0000000089c00000, 0x0000000089d00000, 0x0000000089d00000|100%| E|CS|TAMS 0x0000000089c00000| PB 0x0000000089c00000| Complete |  0
| 129|0x0000000089d00000, 0x0000000089e00000, 0x0000000089e00000|100%| E|CS|TAMS 0x0000000089d00000| PB 0x0000000089d00000| Complete |  0
| 130|0x0000000089e00000, 0x0000000089f00000, 0x0000000089f00000|100%| E|CS|TAMS 0x0000000089e00000| PB 0x0000000089e00000| Complete |  0
|1999|0x00000000feb00000, 0x00000000fec00000, 0x00000000fec00000|100%| O|  |TAMS 0x00000000feb00000| PB 0x00000000feb00000| Untracked |  0
|2000|0x00000000fec00000, 0x00000000fed00000, 0x00000000fed00000|100%| O|  |TAMS 0x00000000fec00000| PB 0x00000000fec00000| Untracked |  0
|2001|0x00000000fed00000, 0x00000000fee00000, 0x00000000fee00000|100%| O|  |TAMS 0x00000000fed00000| PB 0x00000000fed00000| Untracked |  0
|2002|0x00000000fee00000, 0x00000000fef00000, 0x00000000fef00000|100%| O|  |TAMS 0x00000000fee00000| PB 0x00000000fee00000| Untracked |  0
|2003|0x00000000fef00000, 0x00000000ff000000, 0x00000000ff000000|100%| O|  |TAMS 0x00000000fef00000| PB 0x00000000fef00000| Untracked |  0
|2004|0x00000000ff000000, 0x00000000ff100000, 0x00000000ff100000|100%| O|  |TAMS 0x00000000ff000000| PB 0x00000000ff000000| Untracked |  0
|2005|0x00000000ff100000, 0x00000000ff200000, 0x00000000ff200000|100%| O|  |TAMS 0x00000000ff100000| PB 0x00000000ff100000| Untracked |  0
|2006|0x00000000ff200000, 0x00000000ff300000, 0x00000000ff300000|100%| O|  |TAMS 0x00000000ff200000| PB 0x00000000ff200000| Untracked |  0
|2007|0x00000000ff300000, 0x00000000ff400000, 0x00000000ff400000|100%| O|  |TAMS 0x00000000ff300000| PB 0x00000000ff300000| Untracked |  0
|2008|0x00000000ff400000, 0x00000000ff500000, 0x00000000ff500000|100%| O|  |TAMS 0x00000000ff400000| PB 0x00000000ff400000| Untracked |  0
|2009|0x00000000ff500000, 0x00000000ff600000, 0x00000000ff600000|100%| O|  |TAMS 0x00000000ff500000| PB 0x00000000ff500000| Untracked |  0
|2010|0x00000000ff600000, 0x00000000ff700000, 0x00000000ff700000|100%| O|  |TAMS 0x00000000ff600000| PB 0x00000000ff600000| Untracked |  0
|2011|0x00000000ff700000, 0x00000000ff800000, 0x00000000ff800000|100%| O|  |TAMS 0x00000000ff700000| PB 0x00000000ff700000| Untracked |  0
|2012|0x00000000ff800000, 0x00000000ff900000, 0x00000000ff900000|100%| O|  |TAMS 0x00000000ff800000| PB 0x00000000ff800000| Untracked |  0
|2013|0x00000000ff900000, 0x00000000ffa00000, 0x00000000ffa00000|100%| O|  |TAMS 0x00000000ff900000| PB 0x00000000ff900000| Untracked |  0
|2014|0x00000000ffa00000, 0x00000000ffb00000, 0x00000000ffb00000|100%| O|  |TAMS 0x00000000ffa00000| PB 0x00000000ffa00000| Untracked |  0
|2015|0x00000000ffb00000, 0x00000000ffc00000, 0x00000000ffc00000|100%| O|  |TAMS 0x00000000ffb00000| PB 0x00000000ffb00000| Untracked |  0
|2016|0x00000000ffc00000, 0x00000000ffd00000, 0x00000000ffd00000|100%| O|  |TAMS 0x00000000ffc00000| PB 0x00000000ffc00000| Untracked |  0
|2017|0x00000000ffd00000, 0x00000000ffe00000, 0x00000000ffe00000|100%| O|  |TAMS 0x00000000ffd00000| PB 0x00000000ffd00000| Untracked |  0
|2018|0x00000000ffe00000, 0x00000000fff00000, 0x00000000fff00000|100%| O|  |TAMS 0x00000000ffe00000| PB 0x00000000ffe00000| Untracked |  0
|2019|0x00000000fff00000, 0x0000000100000000, 0x0000000100000000|100%| E|CS|TAMS 0x00000000fff00000| PB 0x00000000fff00000| Complete |  0

Card table byte_map: [0x000001f5d1b10000,0x000001f5d1f10000] _byte_map_base: 0x000001f5d1702000

Marking Bits: (CMBitMap*) 0x000001f5b9b92e90
 Bits: [0x000001f5d1f10000, 0x000001f5d3ea0000)

Polling page: 0x000001f5b7af0000

Metaspace:

Usage:
  Non-class:     27.78 MB used.
      Class:      3.02 MB used.
       Both:     30.80 MB used.

Virtual space:
  Non-class space:       64.00 MB reserved,      28.06 MB ( 44%) committed,  1 nodes.
      Class space:        1.00 GB reserved,       3.25 MB ( <1%) committed,  1 nodes.
             Both:        1.06 GB reserved,      31.31 MB (  3%) committed. 

Chunk freelists:
   Non-Class:  3.34 MB
       Class:  12.61 MB
        Both:  15.95 MB

MaxMetaspaceSize: unlimited
CompressedClassSpaceSize: 1.00 GB
Initial GC threshold: 21.00 MB
Current GC threshold: 35.75 MB
CDS: on
 - commit_granule_bytes: 65536.
 - commit_granule_words: 8192.
 - virtual_space_node_default_size: 8388608.
 - enlarge_chunks_in_place: 1.
UseCompressedClassPointers 1, UseCompactObjectHeaders 0
Narrow klass pointer bits 32, Max shift 3
Narrow klass base: 0x000001f5d7000000, Narrow klass shift: 0
Encoding Range: [0x000001f5d7000000 - 0x000001f6d7000000), (4294967296 bytes)
Klass Range:    [0x000001f5d7000000 - 0x000001f618000000), (1090519040 bytes)
Klass ID Range:  [8 - 1090519033) (1090519025)


Internal statistics:

num_allocs_failed_limit: 6.
num_arena_births: 464.
num_arena_deaths: 0.
num_vsnodes_births: 2.
num_vsnodes_deaths: 0.
num_space_committed: 501.
num_space_uncommitted: 0.
num_chunks_returned_to_freelist: 6.
num_chunks_taken_from_freelist: 1637.
num_chunk_merges: 6.
num_chunk_splits: 1131.
num_chunks_enlarged: 860.
num_inconsistent_stats: 0.

CodeHeap 'non-profiled nmethods': size=120064Kb used=4078Kb max_used=4078Kb free=115985Kb
 bounds [0x000001f5c9ea0000, 0x000001f5ca2a0000, 0x000001f5d13e0000]
CodeHeap 'profiled nmethods': size=120000Kb used=16715Kb max_used=16715Kb free=103284Kb
 bounds [0x000001f5c23e0000, 0x000001f5c3440000, 0x000001f5c9910000]
CodeHeap 'non-nmethods': size=5696Kb used=1409Kb max_used=1514Kb free=4286Kb
 bounds [0x000001f5c9910000, 0x000001f5c9b80000, 0x000001f5c9ea0000]
CodeCache: size=245760Kb, used=22202Kb, max_used=22307Kb, free=223555Kb
 total_blobs=9262, nmethods=8690, adapters=475, full_count=0
Compilation: enabled, stopped_count=0, restarted_count=0

Compilation events (20 events):
Event: 18.126 Thread 0x000001f61ec97760 8596       4       java.util.stream.Sink$ChainedReference::cancellationRequested (10 bytes)
Event: 18.127 Thread 0x000001f61ec97760 nmethod 8596 0x000001f5ca28fb88 code [0x000001f5ca28fc80, 0x000001f5ca28fd20]
Event: 18.127 Thread 0x000001f61ec97760 8570       4       com.sun.tools.javac.code.Scope$ScopeImpl$2::next (5 bytes)
Event: 18.133 Thread 0x000001f61ec97760 nmethod 8570 0x000001f5ca28fe88 code [0x000001f5ca28ffe0, 0x000001f5ca290398]
Event: 18.134 Thread 0x000001f61ec97760 8588       4       com.sun.tools.javac.tree.JCTree$JCExpressionStatement::accept (6 bytes)
Event: 18.135 Thread 0x000001f61ec97760 nmethod 8588 0x000001f5ca290488 code [0x000001f5ca290580, 0x000001f5ca290628]
Event: 18.166 Thread 0x000001f5d6921c30 8608       1       com.sun.tools.javac.comp.Resolve$InapplicableMethodException::getDiagnostic (5 bytes)
Event: 18.166 Thread 0x000001f5d6921c30 nmethod 8608 0x000001f5ca290788 code [0x000001f5ca290880, 0x000001f5ca290948]
Event: 18.169 Thread 0x000001f61ec97760 8609       4       com.sun.tools.javac.code.Types::asSuper (35 bytes)
Event: 18.175 Thread 0x000001f61ec97760 nmethod 8609 0x000001f5ca290a88 code [0x000001f5ca290ba0, 0x000001f5ca290cf8]
Event: 18.185 Thread 0x000001f5d6921c30 8610       3       com.sun.tools.javac.util.JCDiagnostic$Factory::normalize (39 bytes)
Event: 18.187 Thread 0x000001f5d6921c30 nmethod 8610 0x000001f5c33f6b08 code [0x000001f5c33f6d20, 0x000001f5c33f7a90]
Event: 18.187 Thread 0x000001f5d6921c30 8611       3       com.sun.tools.javac.util.JCDiagnostic$Factory$$Lambda/0x000001f5d8336fd8::<init> (10 bytes)
Event: 18.187 Thread 0x000001f5d6921c30 nmethod 8611 0x000001f5c33f7b88 code [0x000001f5c33f7ca0, 0x000001f5c33f7e50]
Event: 18.187 Thread 0x000001f5d6921c30 8612       3       com.sun.tools.javac.util.JCDiagnostic::<init> (15 bytes)
Event: 18.189 Thread 0x000001f5d6921c30 nmethod 8612 0x000001f5c33f7e88 code [0x000001f5c33f7fa0, 0x000001f5c33f80e0]
Event: 18.189 Thread 0x000001f5d6921c30 8613       3       com.sun.tools.javac.util.JCDiagnostic::<init> (73 bytes)
Event: 18.190 Thread 0x000001f5d6921c30 nmethod 8613 0x000001f5c33f8188 code [0x000001f5c33f82e0, 0x000001f5c33f8940]
Event: 18.196 Thread 0x000001f5d6921c30 8614   !   3       java.util.Collections$SynchronizedCollection::add (25 bytes)
Event: 18.197 Thread 0x000001f5d6921c30 nmethod 8614 0x000001f5c33f8988 code [0x000001f5c33f8ac0, 0x000001f5c33f8e18]

GC Heap History (16 events):
Event: 2.103 GC heap before
{Heap before GC invocations=0 (full 0):
 garbage-first heap   total reserved 2068480K, committed 133120K, used 49264K [0x0000000081c00000, 0x0000000100000000)
  region size 1024K, 47 young (48128K), 0 survivors (0K)
 Metaspace       used 9756K, committed 9984K, reserved 1114112K
  class space    used 892K, committed 1024K, reserved 1048576K
}
Event: 2.119 GC heap after
{Heap after GC invocations=1 (full 0):
 garbage-first heap   total reserved 2068480K, committed 133120K, used 5744K [0x0000000081c00000, 0x0000000100000000)
  region size 1024K, 5 young (5120K), 5 survivors (5120K)
 Metaspace       used 9756K, committed 9984K, reserved 1114112K
  class space    used 892K, committed 1024K, reserved 1048576K
}
Event: 4.681 GC heap before
{Heap before GC invocations=1 (full 0):
 garbage-first heap   total reserved 2068480K, committed 133120K, used 62064K [0x0000000081c00000, 0x0000000100000000)
  region size 1024K, 60 young (61440K), 5 survivors (5120K)
 Metaspace       used 15728K, committed 16000K, reserved 1114112K
  class space    used 1552K, committed 1664K, reserved 1048576K
}
Event: 4.708 GC heap after
{Heap after GC invocations=2 (full 0):
 garbage-first heap   total reserved 2068480K, committed 133120K, used 12929K [0x0000000081c00000, 0x0000000100000000)
  region size 1024K, 8 young (8192K), 8 survivors (8192K)
 Metaspace       used 15728K, committed 16000K, reserved 1114112K
  class space    used 1552K, committed 1664K, reserved 1048576K
}
Event: 6.372 GC heap before
{Heap before GC invocations=2 (full 0):
 garbage-first heap   total reserved 2068480K, committed 133120K, used 74369K [0x0000000081c00000, 0x0000000100000000)
  region size 1024K, 68 young (69632K), 8 survivors (8192K)
 Metaspace       used 16251K, committed 16576K, reserved 1114112K
  class space    used 1556K, committed 1728K, reserved 1048576K
}
Event: 6.390 GC heap after
{Heap after GC invocations=3 (full 0):
 garbage-first heap   total reserved 2068480K, committed 133120K, used 16630K [0x0000000081c00000, 0x0000000100000000)
  region size 1024K, 4 young (4096K), 4 survivors (4096K)
 Metaspace       used 16251K, committed 16576K, reserved 1114112K
  class space    used 1556K, committed 1728K, reserved 1048576K
}
Event: 8.459 GC heap before
{Heap before GC invocations=3 (full 0):
 garbage-first heap   total reserved 2068480K, committed 133120K, used 83190K [0x0000000081c00000, 0x0000000100000000)
  region size 1024K, 69 young (70656K), 4 survivors (4096K)
 Metaspace       used 17925K, committed 18240K, reserved 1114112K
  class space    used 1701K, committed 1792K, reserved 1048576K
}
Event: 8.472 GC heap after
{Heap after GC invocations=4 (full 0):
 garbage-first heap   total reserved 2068480K, committed 133120K, used 18891K [0x0000000081c00000, 0x0000000100000000)
  region size 1024K, 6 young (6144K), 6 survivors (6144K)
 Metaspace       used 17925K, committed 18240K, reserved 1114112K
  class space    used 1701K, committed 1792K, reserved 1048576K
}
Event: 9.993 GC heap before
{Heap before GC invocations=4 (full 0):
 garbage-first heap   total reserved 2068480K, committed 133120K, used 62923K [0x0000000081c00000, 0x0000000100000000)
  region size 1024K, 43 young (44032K), 6 survivors (6144K)
 Metaspace       used 21162K, committed 21504K, reserved 1114112K
  class space    used 2016K, committed 2176K, reserved 1048576K
}
Event: 10.012 GC heap after
{Heap after GC invocations=5 (full 0):
 garbage-first heap   total reserved 2068480K, committed 133120K, used 27813K [0x0000000081c00000, 0x0000000100000000)
  region size 1024K, 8 young (8192K), 8 survivors (8192K)
 Metaspace       used 21162K, committed 21504K, reserved 1114112K
  class space    used 2016K, committed 2176K, reserved 1048576K
}
Event: 11.392 GC heap before
{Heap before GC invocations=6 (full 0):
 garbage-first heap   total reserved 2068480K, committed 99328K, used 96421K [0x0000000081c00000, 0x0000000100000000)
  region size 1024K, 71 young (72704K), 8 survivors (8192K)
 Metaspace       used 26279K, committed 26688K, reserved 1114112K
  class space    used 2536K, committed 2688K, reserved 1048576K
}
Event: 11.445 GC heap after
{Heap after GC invocations=7 (full 0):
 garbage-first heap   total reserved 2068480K, committed 129024K, used 51347K [0x0000000081c00000, 0x0000000100000000)
  region size 1024K, 10 young (10240K), 10 survivors (10240K)
 Metaspace       used 26279K, committed 26688K, reserved 1114112K
  class space    used 2536K, committed 2688K, reserved 1048576K
}
Event: 13.305 GC heap before
{Heap before GC invocations=7 (full 0):
 garbage-first heap   total reserved 2068480K, committed 129024K, used 98451K [0x0000000081c00000, 0x0000000100000000)
  region size 1024K, 57 young (58368K), 10 survivors (10240K)
 Metaspace       used 28335K, committed 28736K, reserved 1114112K
  class space    used 2744K, committed 2944K, reserved 1048576K
}
Event: 13.326 GC heap after
{Heap after GC invocations=8 (full 0):
 garbage-first heap   total reserved 2068480K, committed 129024K, used 59956K [0x0000000081c00000, 0x0000000100000000)
  region size 1024K, 7 young (7168K), 7 survivors (7168K)
 Metaspace       used 28335K, committed 28736K, reserved 1114112K
  class space    used 2744K, committed 2944K, reserved 1048576K
}
Event: 15.081 GC heap before
{Heap before GC invocations=8 (full 0):
 garbage-first heap   total reserved 2068480K, committed 129024K, used 103988K [0x0000000081c00000, 0x0000000100000000)
  region size 1024K, 50 young (51200K), 7 survivors (7168K)
 Metaspace       used 29793K, committed 30336K, reserved 1114112K
  class space    used 2878K, committed 3136K, reserved 1048576K
}
Event: 15.099 GC heap after
{Heap after GC invocations=9 (full 0):
 garbage-first heap   total reserved 2068480K, committed 155648K, used 61455K [0x0000000081c00000, 0x0000000100000000)
  region size 1024K, 2 young (2048K), 2 survivors (2048K)
 Metaspace       used 29793K, committed 30336K, reserved 1114112K
  class space    used 2878K, committed 3136K, reserved 1048576K
}

Dll operation events (8 events):
Event: 0.014 Loaded shared library C:\Users\janan\Java\jdk-24.0.1\bin\java.dll
Event: 0.048 Loaded shared library C:\Users\janan\Java\jdk-24.0.1\bin\jsvml.dll
Event: 0.069 Loaded shared library C:\Users\janan\Java\jdk-24.0.1\bin\net.dll
Event: 0.075 Loaded shared library C:\Users\janan\Java\jdk-24.0.1\bin\nio.dll
Event: 0.083 Loaded shared library C:\Users\janan\Java\jdk-24.0.1\bin\zip.dll
Event: 0.410 Loaded shared library C:\Users\janan\Java\jdk-24.0.1\bin\jimage.dll
Event: 0.414 Loaded shared library C:\Users\janan\apache-maven-3.9.10\lib\jansi-native\Windows\x86_64\jansi.dll
Event: 0.448 Loaded shared library C:\Users\janan\Java\jdk-24.0.1\bin\verify.dll

Deoptimization events (20 events):
Event: 18.061 Thread 0x000001f5b9b39870 Uncommon trap: trap_request=0xffffffde fr.pc=0x000001f5ca281488 relative=0x0000000000002368
Event: 18.061 Thread 0x000001f5b9b39870 Uncommon trap: reason=class_check action=maybe_recompile pc=0x000001f5ca281488 method=com.sun.tools.javac.comp.Attr.check(Lcom/sun/tools/javac/tree/JCTree;Lcom/sun/tools/javac/code/Type;Lcom/sun/tools/javac/code/Kinds$KindSelector;Lcom/sun/tools/javac/com
Event: 18.061 Thread 0x000001f5b9b39870 DEOPT PACKING pc=0x000001f5ca281488 sp=0x000000b11dcfc690
Event: 18.061 Thread 0x000001f5b9b39870 DEOPT UNPACKING pc=0x000001f5c9a26e82 sp=0x000000b11dcfc600 mode 2
Event: 18.077 Thread 0x000001f5b9b39870 Uncommon trap: trap_request=0xffffffde fr.pc=0x000001f5ca065c10 relative=0x0000000000000230
Event: 18.077 Thread 0x000001f5b9b39870 Uncommon trap: reason=class_check action=maybe_recompile pc=0x000001f5ca065c10 method=java.lang.AbstractStringBuilder.append(Ljava/lang/CharSequence;II)Ljava/lang/AbstractStringBuilder; @ 10 c2
Event: 18.077 Thread 0x000001f5b9b39870 DEOPT PACKING pc=0x000001f5ca065c10 sp=0x000000b11dcfcb90
Event: 18.077 Thread 0x000001f5b9b39870 DEOPT UNPACKING pc=0x000001f5c9a26e82 sp=0x000000b11dcfcae0 mode 2
Event: 18.080 Thread 0x000001f5b9b39870 Uncommon trap: trap_request=0xffffffde fr.pc=0x000001f5ca065c10 relative=0x0000000000000230
Event: 18.080 Thread 0x000001f5b9b39870 Uncommon trap: reason=class_check action=maybe_recompile pc=0x000001f5ca065c10 method=java.lang.AbstractStringBuilder.append(Ljava/lang/CharSequence;II)Ljava/lang/AbstractStringBuilder; @ 10 c2
Event: 18.080 Thread 0x000001f5b9b39870 DEOPT PACKING pc=0x000001f5ca065c10 sp=0x000000b11dcfc5e0
Event: 18.080 Thread 0x000001f5b9b39870 DEOPT UNPACKING pc=0x000001f5c9a26e82 sp=0x000000b11dcfc530 mode 2
Event: 18.082 Thread 0x000001f5b9b39870 Uncommon trap: trap_request=0xffffffde fr.pc=0x000001f5c9fd1610 relative=0x0000000000000230
Event: 18.082 Thread 0x000001f5b9b39870 Uncommon trap: reason=class_check action=maybe_recompile pc=0x000001f5c9fd1610 method=java.lang.AbstractStringBuilder.append(Ljava/lang/CharSequence;II)Ljava/lang/AbstractStringBuilder; @ 10 c2
Event: 18.082 Thread 0x000001f5b9b39870 DEOPT PACKING pc=0x000001f5c9fd1610 sp=0x000000b11dcfc720
Event: 18.082 Thread 0x000001f5b9b39870 DEOPT UNPACKING pc=0x000001f5c9a26e82 sp=0x000000b11dcfc6e8 mode 2
Event: 18.196 Thread 0x000001f5b9b39870 Uncommon trap: trap_request=0xffffffde fr.pc=0x000001f5ca27c500 relative=0x0000000000000ac0
Event: 18.196 Thread 0x000001f5b9b39870 Uncommon trap: reason=class_check action=maybe_recompile pc=0x000001f5ca27c500 method=com.sun.tools.javac.comp.Check.checkType(Lcom/sun/tools/javac/util/JCDiagnostic$DiagnosticPosition;Lcom/sun/tools/javac/code/Type;Lcom/sun/tools/javac/code/Type;Lcom/sun
Event: 18.196 Thread 0x000001f5b9b39870 DEOPT PACKING pc=0x000001f5ca27c500 sp=0x000000b11dcfa9e0
Event: 18.196 Thread 0x000001f5b9b39870 DEOPT UNPACKING pc=0x000001f5c9a26e82 sp=0x000000b11dcfa958 mode 2

Classes loaded (20 events):
Event: 16.421 Loading class java/util/EnumMap$EntryIterator$Entry
Event: 16.422 Loading class java/util/EnumMap$EntryIterator$Entry done
Event: 16.755 Loading class java/lang/MatchException
Event: 16.756 Loading class java/lang/MatchException done
Event: 17.464 Loading class java/io/DataOutputStream
Event: 17.466 Loading class java/io/DataOutputStream done
Event: 17.682 Loading class java/util/stream/ReferencePipeline$4
Event: 17.682 Loading class java/util/stream/IntPipeline$StatelessOp
Event: 17.683 Loading class java/util/stream/IntPipeline$StatelessOp done
Event: 17.683 Loading class java/util/stream/ReferencePipeline$4 done
Event: 17.691 Loading class java/util/stream/Nodes$IntFixedNodeBuilder
Event: 17.693 Loading class java/util/stream/Node$Builder$OfInt
Event: 17.693 Loading class java/util/stream/Sink$OfInt
Event: 17.694 Loading class java/util/stream/Sink$OfInt done
Event: 17.694 Loading class java/util/stream/Node$Builder$OfInt done
Event: 17.694 Loading class java/util/stream/Nodes$IntArrayNode
Event: 17.697 Loading class java/util/stream/Nodes$IntArrayNode done
Event: 17.697 Loading class java/util/stream/Nodes$IntFixedNodeBuilder done
Event: 17.697 Loading class java/util/stream/ReferencePipeline$4$1
Event: 17.698 Loading class java/util/stream/ReferencePipeline$4$1 done

Classes unloaded (0 events):
No events

Classes redefined (0 events):
No events

Internal exceptions (20 events):
Event: 17.717 Thread 0x000001f5b9b39870 Exception <a 'sun/nio/fs/WindowsException'{0x0000000088dd58b8}> (0x0000000088dd58b8) 
thrown [s\open\src\hotspot\share\prims\jni.cpp, line 518]
Event: 17.717 Thread 0x000001f5b9b39870 Exception <a 'sun/nio/fs/WindowsException'{0x0000000088dd60e8}> (0x0000000088dd60e8) 
thrown [s\open\src\hotspot\share\prims\jni.cpp, line 518]
Event: 17.741 Thread 0x000001f5b9b39870 Exception <a 'sun/nio/fs/WindowsException'{0x0000000088df13c8}> (0x0000000088df13c8) 
thrown [s\open\src\hotspot\share\prims\jni.cpp, line 518]
Event: 17.741 Thread 0x000001f5b9b39870 Exception <a 'sun/nio/fs/WindowsException'{0x0000000088df1a78}> (0x0000000088df1a78) 
thrown [s\open\src\hotspot\share\prims\jni.cpp, line 518]
Event: 17.741 Thread 0x000001f5b9b39870 Exception <a 'sun/nio/fs/WindowsException'{0x0000000088df2268}> (0x0000000088df2268) 
thrown [s\open\src\hotspot\share\prims\jni.cpp, line 518]
Event: 17.762 Thread 0x000001f5b9b39870 Exception <a 'sun/nio/fs/WindowsException'{0x0000000088c0e460}> (0x0000000088c0e460) 
thrown [s\open\src\hotspot\share\prims\jni.cpp, line 518]
Event: 17.762 Thread 0x000001f5b9b39870 Exception <a 'sun/nio/fs/WindowsException'{0x0000000088c0eb08}> (0x0000000088c0eb08) 
thrown [s\open\src\hotspot\share\prims\jni.cpp, line 518]
Event: 17.762 Thread 0x000001f5b9b39870 Exception <a 'sun/nio/fs/WindowsException'{0x0000000088c0f2d8}> (0x0000000088c0f2d8) 
thrown [s\open\src\hotspot\share\prims\jni.cpp, line 518]
Event: 17.885 Thread 0x000001f5b9b39870 Exception <a 'sun/nio/fs/WindowsException'{0x0000000088c6d030}> (0x0000000088c6d030) 
thrown [s\open\src\hotspot\share\prims\jni.cpp, line 518]
Event: 17.886 Thread 0x000001f5b9b39870 Exception <a 'sun/nio/fs/WindowsException'{0x0000000088c6d6f0}> (0x0000000088c6d6f0) 
thrown [s\open\src\hotspot\share\prims\jni.cpp, line 518]
Event: 17.895 Thread 0x000001f5b9b39870 Exception <a 'sun/nio/fs/WindowsException'{0x0000000088c6df20}> (0x0000000088c6df20) 
thrown [s\open\src\hotspot\share\prims\jni.cpp, line 518]
Event: 17.935 Thread 0x000001f5b9b39870 Exception <a 'sun/nio/fs/WindowsException'{0x0000000088c83dc8}> (0x0000000088c83dc8) 
thrown [s\open\src\hotspot\share\prims\jni.cpp, line 518]
Event: 17.936 Thread 0x000001f5b9b39870 Exception <a 'sun/nio/fs/WindowsException'{0x0000000088c84470}> (0x0000000088c84470) 
thrown [s\open\src\hotspot\share\prims\jni.cpp, line 518]
Event: 17.936 Thread 0x000001f5b9b39870 Exception <a 'sun/nio/fs/WindowsException'{0x0000000088c84c40}> (0x0000000088c84c40) 
thrown [s\open\src\hotspot\share\prims\jni.cpp, line 518]
Event: 17.957 Thread 0x000001f5b9b39870 Exception <a 'sun/nio/fs/WindowsException'{0x0000000088cad410}> (0x0000000088cad410) 
thrown [s\open\src\hotspot\share\prims\jni.cpp, line 518]
Event: 17.957 Thread 0x000001f5b9b39870 Exception <a 'sun/nio/fs/WindowsException'{0x0000000088cadac8}> (0x0000000088cadac8) 
thrown [s\open\src\hotspot\share\prims\jni.cpp, line 518]
Event: 17.957 Thread 0x000001f5b9b39870 Exception <a 'sun/nio/fs/WindowsException'{0x0000000088cae2f0}> (0x0000000088cae2f0) 
thrown [s\open\src\hotspot\share\prims\jni.cpp, line 518]
Event: 18.095 Thread 0x000001f5b9b39870 Exception <a 'sun/nio/fs/WindowsException'{0x0000000088b4e460}> (0x0000000088b4e460) 
thrown [s\open\src\hotspot\share\prims\jni.cpp, line 518]
Event: 18.096 Thread 0x000001f5b9b39870 Exception <a 'sun/nio/fs/WindowsException'{0x0000000088b4eb18}> (0x0000000088b4eb18) 
thrown [s\open\src\hotspot\share\prims\jni.cpp, line 518]
Event: 18.096 Thread 0x000001f5b9b39870 Exception <a 'sun/nio/fs/WindowsException'{0x0000000088b4f340}> (0x0000000088b4f340) 
thrown [s\open\src\hotspot\share\prims\jni.cpp, line 518]

VM Operations (20 events):
Event: 15.426 Executing VM operation: HandshakeAllThreads (Deoptimize)
Event: 15.426 Executing VM operation: HandshakeAllThreads (Deoptimize) done
Event: 15.444 Executing VM operation: HandshakeAllThreads (Deoptimize)
Event: 15.444 Executing VM operation: HandshakeAllThreads (Deoptimize) done
Event: 15.817 Executing VM operation: HandshakeAllThreads (Deoptimize)
Event: 15.817 Executing VM operation: HandshakeAllThreads (Deoptimize) done
Event: 16.427 Executing VM operation: HandshakeAllThreads (Deoptimize)
Event: 16.427 Executing VM operation: HandshakeAllThreads (Deoptimize) done
Event: 16.508 Executing VM operation: HandshakeAllThreads (Deoptimize)
Event: 16.508 Executing VM operation: HandshakeAllThreads (Deoptimize) done
Event: 16.544 Executing VM operation: HandshakeAllThreads (Deoptimize)
Event: 16.545 Executing VM operation: HandshakeAllThreads (Deoptimize) done
Event: 16.547 Executing VM operation: HandshakeAllThreads (Deoptimize)
Event: 16.547 Executing VM operation: HandshakeAllThreads (Deoptimize) done
Event: 16.736 Executing VM operation: HandshakeAllThreads (Deoptimize)
Event: 16.736 Executing VM operation: HandshakeAllThreads (Deoptimize) done
Event: 17.380 Executing VM operation: HandshakeAllThreads (Deoptimize)
Event: 17.380 Executing VM operation: HandshakeAllThreads (Deoptimize) done
Event: 17.690 Executing VM operation: HandshakeAllThreads (Deoptimize)
Event: 17.690 Executing VM operation: HandshakeAllThreads (Deoptimize) done

Memory protections (0 events):
No events

Nmethod flushes (0 events):
No events

Events (20 events):
Event: 0.045 Thread 0x000001f5b9b39870 Thread added: 0x000001f5d6912380
Event: 0.045 Thread 0x000001f5b9b39870 Thread added: 0x000001f5d6914e60
Event: 0.045 Thread 0x000001f5b9b39870 Thread added: 0x000001f5d6916030
Event: 0.045 Thread 0x000001f5b9b39870 Thread added: 0x000001f5d69168a0
Event: 0.045 Thread 0x000001f5b9b39870 Thread added: 0x000001f5d6921370
Event: 0.046 Thread 0x000001f5b9b39870 Thread added: 0x000001f5d6921c30
Event: 0.061 Thread 0x000001f5b9b39870 Thread added: 0x000001f5d6a780a0
Event: 0.064 Thread 0x000001f5b9b39870 Thread added: 0x000001f5d6a889c0
Event: 0.200 Thread 0x000001f5d6921c30 Thread added: 0x000001f5d6b55b00
Event: 0.406 Thread 0x000001f5b9b39870 Thread added: 0x000001f61c2a5870
Event: 0.542 Thread 0x000001f61c2a5870 Thread exited: 0x000001f61c2a5870
Event: 1.024 Thread 0x000001f5d6b55b00 Thread exited: 0x000001f5d6b55b00
Event: 1.131 Thread 0x000001f5d6921c30 Thread added: 0x000001f61c848f50
Event: 1.161 Thread 0x000001f5d6921c30 Thread added: 0x000001f61c7f7bc0
Event: 2.194 Thread 0x000001f61c7f7bc0 Thread exited: 0x000001f61c7f7bc0
Event: 2.250 Thread 0x000001f61c848f50 Thread exited: 0x000001f61c848f50
Event: 2.908 Thread 0x000001f5d6921370 Thread added: 0x000001f61cb8fe00
Event: 3.265 Thread 0x000001f5b9b39870 Thread added: 0x000001f61d009930
Event: 13.326 Thread 0x000001f61cb8fe00 Thread exited: 0x000001f61cb8fe00
Event: 13.745 Thread 0x000001f5d6921c30 Thread added: 0x000001f61ec97760


Dynamic libraries:
0x00007ff647900000 - 0x00007ff64790e000 	C:\Users\janan\Java\jdk-24.0.1\bin\java.exe
0x00007ff8a20a0000 - 0x00007ff8a2307000 	C:\WINDOWS\SYSTEM32\ntdll.dll
0x00007ff8a1af0000 - 0x00007ff8a1bb9000 	C:\WINDOWS\System32\KERNEL32.DLL
0x00007ff89ed10000 - 0x00007ff89f104000 	C:\WINDOWS\System32\KERNELBASE.dll
0x00007ff89f3c0000 - 0x00007ff89f50b000 	C:\WINDOWS\System32\ucrtbase.dll
0x00007ff896c40000 - 0x00007ff896c5b000 	C:\Users\janan\Java\jdk-24.0.1\bin\VCRUNTIME140.dll
0x00007ff886bb0000 - 0x00007ff886bc6000 	C:\Users\janan\Java\jdk-24.0.1\bin\jli.dll
0x00007ff8a1e90000 - 0x00007ff8a2055000 	C:\WINDOWS\System32\USER32.dll
0x00007ff89f300000 - 0x00007ff89f327000 	C:\WINDOWS\System32\win32u.dll
0x00007ff888c30000 - 0x00007ff888ec3000 	C:\WINDOWS\WinSxS\amd64_microsoft.windows.common-controls_6595b64144ccf1df_6.0.26100.8115_none_3e075c82e3354f9c\COMCTL32.dll
0x00007ff8a0fa0000 - 0x00007ff8a0fcb000 	C:\WINDOWS\System32\GDI32.dll
0x00007ff8a1420000 - 0x00007ff8a14c9000 	C:\WINDOWS\System32\msvcrt.dll
0x00007ff89f1d0000 - 0x00007ff89f2fa000 	C:\WINDOWS\System32\gdi32full.dll
0x00007ff89e970000 - 0x00007ff89ea13000 	C:\WINDOWS\System32\msvcp_win.dll
0x00007ff8a1620000 - 0x00007ff8a1652000 	C:\WINDOWS\System32\IMM32.DLL
0x00007ff897070000 - 0x00007ff89707c000 	C:\Users\janan\Java\jdk-24.0.1\bin\vcruntime140_1.dll
0x00007ff865270000 - 0x00007ff8652fe000 	C:\Users\janan\Java\jdk-24.0.1\bin\msvcp140.dll
0x00007fff65580000 - 0x00007fff66322000 	C:\Users\janan\Java\jdk-24.0.1\bin\server\jvm.dll
0x00007ff8a0b80000 - 0x00007ff8a0c36000 	C:\WINDOWS\System32\ADVAPI32.dll
0x00007ff8a0c50000 - 0x00007ff8a0cf7000 	C:\WINDOWS\System32\sechost.dll
0x00007ff8a1d70000 - 0x00007ff8a1e88000 	C:\WINDOWS\System32\RPCRT4.dll
0x00007ff8a1590000 - 0x00007ff8a1610000 	C:\WINDOWS\System32\WS2_32.dll
0x00007ff89e7d0000 - 0x00007ff89e82e000 	C:\WINDOWS\SYSTEM32\POWRPROF.dll
0x00007ff88cad0000 - 0x00007ff88cb06000 	C:\WINDOWS\SYSTEM32\WINMM.dll
0x00007ff8977d0000 - 0x00007ff8977db000 	C:\WINDOWS\SYSTEM32\VERSION.dll
0x00007ff89e7b0000 - 0x00007ff89e7c4000 	C:\WINDOWS\SYSTEM32\UMPDC.dll
0x00007ff89d700000 - 0x00007ff89d71b000 	C:\WINDOWS\SYSTEM32\kernel.appcore.dll
0x00007ff897050000 - 0x00007ff89705a000 	C:\Users\janan\Java\jdk-24.0.1\bin\jimage.dll
0x00007ff89c8a0000 - 0x00007ff89cae2000 	C:\WINDOWS\SYSTEM32\DBGHELP.DLL
0x00007ff8a1660000 - 0x00007ff8a19e2000 	C:\WINDOWS\System32\combase.dll
0x00007ff8a1340000 - 0x00007ff8a1417000 	C:\WINDOWS\System32\OLEAUT32.dll
0x00007ff878330000 - 0x00007ff87836b000 	C:\WINDOWS\SYSTEM32\dbgcore.DLL
0x00007ff89fd80000 - 0x00007ff89fe25000 	C:\WINDOWS\System32\bcryptPrimitives.dll
0x00007ff886b90000 - 0x00007ff886bae000 	C:\Users\janan\Java\jdk-24.0.1\bin\java.dll
0x00007ff8a1130000 - 0x00007ff8a12c7000 	C:\WINDOWS\System32\ole32.dll
0x00007ff89fe30000 - 0x00007ff8a0596000 	C:\WINDOWS\System32\SHELL32.dll
0x00007ff89ea20000 - 0x00007ff89eb8a000 	C:\WINDOWS\System32\wintypes.dll
0x00007ff89f510000 - 0x00007ff89fd75000 	C:\WINDOWS\System32\windows.storage.dll
0x00007ff8a19f0000 - 0x00007ff8a1ae7000 	C:\WINDOWS\System32\SHCORE.dll
0x00007ff8a12d0000 - 0x00007ff8a1336000 	C:\WINDOWS\System32\shlwapi.dll
0x00007ff89e890000 - 0x00007ff89e8b9000 	C:\WINDOWS\SYSTEM32\profapi.dll
0x00007ff826c50000 - 0x00007ff826d27000 	C:\Users\janan\Java\jdk-24.0.1\bin\jsvml.dll
0x00007ff896bc0000 - 0x00007ff896bd0000 	C:\Users\janan\Java\jdk-24.0.1\bin\net.dll
0x00007ff89dc70000 - 0x00007ff89dcdc000 	C:\WINDOWS\system32\mswsock.dll
0x00007ff880350000 - 0x00007ff880366000 	C:\Users\janan\Java\jdk-24.0.1\bin\nio.dll
0x00007ff880280000 - 0x00007ff880297000 	C:\Users\janan\Java\jdk-24.0.1\bin\zip.dll
0x00007ff878370000 - 0x00007ff878394000 	C:\Users\janan\apache-maven-3.9.10\lib\jansi-native\Windows\x86_64\jansi.dll
0x00007ff8955e0000 - 0x00007ff8955f0000 	C:\Users\janan\Java\jdk-24.0.1\bin\verify.dll

JVMTI agents: none

dbghelp: loaded successfully - version: 4.0.5 - missing functions: none
symbol engine: initialized successfully - sym options: 0x614 - pdb path: .;C:\Users\janan\Java\jdk-24.0.1\bin;C:\WINDOWS\SYSTEM32;C:\WINDOWS\WinSxS\amd64_microsoft.windows.common-controls_6595b64144ccf1df_6.0.26100.8115_none_3e075c82e3354f9c;C:\Users\janan\Java\jdk-24.0.1\bin\server;C:\Users\janan\apache-maven-3.9.10\lib\jansi-native\Windows\x86_64

VM Arguments:
jvm_args: --enable-native-access=ALL-UNNAMED -Dclassworlds.conf=C:\Users\janan\apache-maven-3.9.10\bin\m2.conf -Dmaven.home=C:\Users\janan\apache-maven-3.9.10 -Dlibrary.jansi.path=C:\Users\janan\apache-maven-3.9.10\lib\jansi-native -Dmaven.multiModuleProjectDirectory=C:\Users\janan\IdeaProjects\doc-query-assist 
java_command: org.codehaus.plexus.classworlds.launcher.Launcher clean spring-boot:run
java_class_path (initial): C:\Users\janan\apache-maven-3.9.10\boot\plexus-classworlds-2.9.0.jar
Launcher Type: SUN_STANDARD

[Global flags]
     intx CICompilerCount                          = 4                                         {product} {ergonomic}
     uint ConcGCThreads                            = 2                                         {product} {ergonomic}
     uint G1ConcRefinementThreads                  = 8                                         {product} {ergonomic}
   size_t G1HeapRegionSize                         = 1048576                                   {product} {ergonomic}
   size_t InitialHeapSize                          = 134217728                                 {product} {ergonomic}
   size_t MarkStackSize                            = 4194304                                   {product} {ergonomic}
   size_t MarkStackSizeMax                         = 536870912                                 {product} {ergonomic}
   size_t MaxHeapSize                              = 2118123520                                {product} {ergonomic}
   size_t MaxNewSize                               = 1270874112                                {product} {ergonomic}
   size_t MinHeapDeltaBytes                        = 1048576                                   {product} {ergonomic}
   size_t MinHeapSize                              = 8388608                                   {product} {ergonomic}
    uintx NonNMethodCodeHeapSize                   = 5832704                                {pd product} {ergonomic}
    uintx NonProfiledCodeHeapSize                  = 122945536                              {pd product} {ergonomic}
    uintx ProfiledCodeHeapSize                     = 122880000                              {pd product} {ergonomic}
    uintx ReservedCodeCacheSize                    = 251658240                              {pd product} {ergonomic}
     bool SegmentedCodeCache                       = true                                      {product} {ergonomic}
   size_t SoftMaxHeapSize                          = 2118123520                             {manageable} {ergonomic}
     bool UseCompressedOops                        = true                           {product lp64_product} {ergonomic}
     bool UseG1GC                                  = true                                      {product} {ergonomic}
     bool UseLargePagesIndividualAllocation        = false                                  {pd product} {ergonomic}

Logging:
Log output configuration:
 #0: stdout all=warning uptime,level,tags foldmultilines=false
 #1: stderr all=off uptime,level,tags foldmultilines=false

Environment Variables:
JAVA_HOME=C:\Users\janan\Java\jdk-24.0.1
PATH=C:\WINDOWS\system32;C:\WINDOWS;C:\WINDOWS\System32\Wbem;C:\WINDOWS\System32\WindowsPowerShell\v1.0\;C:\WINDOWS\System32\OpenSSH\;C:\Users\janan\Java\jdk-24.0.1\bin;C:\Users\janan\apache-maven-3.9.10\bin;C:\Program Files\Git\cmd;C:\Users\janan\AppData\Local\Microsoft\WindowsApps;;C:\Users\janan\AppData\Local\Programs\DockerDesktop\resources\bin
USERNAME=janan
OS=Windows_NT
PROCESSOR_IDENTIFIER=Intel64 Family 6 Model 142 Stepping 10, GenuineIntel
TMP=C:\Users\janan\AppData\Local\Temp
TEMP=C:\Users\janan\AppData\Local\Temp




Periodic native trim disabled

---------------  S Y S T E M  ---------------

OS:
 Windows 11 , 64 bit Build 26100 (10.0.26100.8115)
OS uptime: 4 days 7:29 hours

CPU: total 8 (initial active 8) (4 cores per cpu, 2 threads per core) family 6 model 142 stepping 10 microcode 0xea, cx8, cmov, fxsr, ht, mmx, 3dnowpref, sse, sse2, sse3, ssse3, sse4.1, sse4.2, popcnt, lzcnt, tsc, tscinvbit, avx, avx2, aes, erms, clmul, bmi1, bmi2, adx, fma, vzeroupper, clflush, clflushopt, rdtscp, f16c
Processor Information for the first 8 processors :
  Max Mhz: 1800, Current Mhz: 1600, Mhz Limit: 1584

Memory: 4k page, system-wide physical 8078M (686M free)
TotalPageFile size 20430M (AvailPageFile size 50M)
current process WorkingSet (physical memory assigned to process): 339M, peak: 339M
current process commit charge ("private bytes"): 380M, peak: 400M

vm_info: OpenJDK 64-Bit Server VM (24.0.1+9-30) for windows-amd64 JRE (24.0.1+9-30), built on 2025-03-05T07:23:45Z with MS VC++ 17.6 (VS2022)

END.
